file[0] = Mizrael.SuperSafeBank.DataAccess.csproj
<Project Sdk="Microsoft.NET.Sdk">

    <PropertyGroup>
        <TargetFramework>net5.0</TargetFramework>
        <Configurations>Debug;Release;DebugOnPremise;DebugAzure</Configurations>
        <RootNamespace>Mizrael.SuperSafeBank.DataAccess</RootNamespace>
        <LangVersion>Preview</LangVersion>
        <Nullable>enable</Nullable>
    </PropertyGroup>

    <ItemGroup>
        <PackageReference Include="Microsoft.EntityFrameworkCore.Design" Version="5.0.7">
            <PrivateAssets>all</PrivateAssets>
            <IncludeAssets>runtime; build; native; contentfiles; analyzers; buildtransitive</IncludeAssets>
        </PackageReference>
        <PackageReference Include="Microsoft.EntityFrameworkCore.SqlServer" Version="5.0.7" />
        <PackageReference Include="Swashbuckle.AspNetCore" Version="6.1.4" />
    </ItemGroup>

    <ItemGroup>
        <ProjectReference Include="..\Mizrael.SuperSafeBank.Common\Mizrael.SuperSafeBank.Common.csproj" />
    </ItemGroup>

</Project>

file[1] = usings.cs
global using System;
global using System.Collections.Generic;
global using System.Linq;
global using System.Text;
global using System.Threading.Tasks;
global using Microsoft.EntityFrameworkCore;
global using Microsoft.EntityFrameworkCore.Design;
global using Microsoft.EntityFrameworkCore.Metadata.Builders;
global using Microsoft.Extensions.Configuration;

global using Mizrael.SuperSafeBank.Common.Enums;
global using Mizrael.SuperSafeBank.Data.Models;

file[2] = Storage\Configuration.generated.cs
namespace Mizrael.SuperSafeBank.Common.Enums
{
    internal static class Configuration
    {
        public static IServiceCollection AddProductServices(this IServiceCollection services)
            => services
                .AddCommandHandler<RegisterProduct, HandleRegisterProduct>(s =>
                {
                    var dbContext = s.GetRequiredService<WarehouseDBContext>();
                    return new HandleRegisterProduct(dbContext.AddAndSave, dbContext.ProductWithSKUExists);
                })
                .AddQueryHandler<GetProducts, IReadOnlyList<ProductListItem>, HandleGetProducts>(s =>
                {
                    var dbContext = s.GetRequiredService<WarehouseDBContext>();
                    return new HandleGetProducts(dbContext.Set<Product>().AsNoTracking());
                })
                .AddQueryHandler<GetProductDetails, ProductDetails?, HandleGetProductDetails>(s =>
                {
                    var dbContext = s.GetRequiredService<WarehouseDBContext>();
                    return new HandleGetProductDetails(dbContext.Set<Product>().AsNoTracking());
                });
    
    
        public static IEndpointRouteBuilder UseProductsEndpoints(this IEndpointRouteBuilder endpoints) =>
            endpoints
                .UseRegisterProductEndpoint()
                .UseGetProductsEndpoint()
                .UseGetProductDetailsEndpoint();
    
        public static void SetupProductsModel(this ModelBuilder modelBuilder)
            => modelBuilder.Entity<Product>()
                .OwnsOne(p => p.Sku);
    }
}

file[3] = Storage\SuperSafeBankDbContext.generated.cs
namespace Mizrael.SuperSafeBank.Common.Enums
{
    public class SuperSafeBankDBContext: DbContext
    {
        public SuperSafeBankDBContext(DbContextOptions<SuperSafeBankDBContext> options)
            : base(options)
        {
    
        }
    
        protected override void OnModelCreating(ModelBuilder modelBuilder)
        {
            modelBuilder.SetupProductsModel();
        }
    }
    
    public class SuperSafeBankDBContextFactory: IDesignTimeDbContextFactory<SuperSafeBankDBContext>
    {
        public SuperSafeBankDBContext CreateDbContext(params string[] args)
        {
            var optionsBuilder = new DbContextOptionsBuilder<SuperSafeBankDBContext>();
    
            if (optionsBuilder.IsConfigured)
                return new SuperSafeBankDBContext(optionsBuilder.Options);
    
            //Called by parameterless ctor Usually Migrations
            var environmentName = Environment.GetEnvironmentVariable("EnvironmentName") ?? "Development";
    
            var connectionString =
                new ConfigurationBuilder()
                    .SetBasePath(AppContext.BaseDirectory)
                    .AddJsonFile("appsettings.json")
                    .AddJsonFile($"appsettings.{environmentName}.json", optional: true, reloadOnChange: false)
                    .AddEnvironmentVariables()
                    .Build()
                    .GetConnectionString("SuperSafeBankDB");
    
            optionsBuilder.UseNpgsql(connectionString);
    
            return new SuperSafeBankDBContext(optionsBuilder.Options);
        }
    
        public static SuperSafeBankDBContext Create()
            => new SuperSafeBankDBContextFactory().CreateDbContext();
    }
}

file[4] = Configurations\AccountConfiguration.cs
namespace Mizrael.SuperSafeBank.Data.Configurations
{
    public partial class AccountConfiguration : IEntityTypeConfiguration<Account>
    {
        void IEntityTypeConfiguration<Account>.Configure(EntityTypeBuilder<Account> builder)
        {
            builder.ToTable("Account");
            builder.Property(p => p.OwnerId)
                .IsRequired();
            builder.Property(p => p.Balance)
                .IsRequired();
            builder.HasIndex(i => i.OwnerId)                .IsUnique()                .IsClustered();             OnConfigurePartial(builder);
        }
        partial void OnConfigurePartial(EntityTypeBuilder<Account> builder);
    }
}

file[5] = Configurations\CustomerConfiguration.cs
namespace Mizrael.SuperSafeBank.Data.Configurations
{
    public partial class CustomerConfiguration : IEntityTypeConfiguration<Customer>
    {
        void IEntityTypeConfiguration<Customer>.Configure(EntityTypeBuilder<Customer> builder)
        {
            builder.ToTable("Customer");
            builder.Property(p => p.FirstName)
                .IsRequired()
                .HasMaxLength(100);
            builder.Property(p => p.LastName)
                .IsRequired()
                .HasMaxLength(100);
            builder.Property(p => p.Email)
                .IsRequired()
                .HasMaxLength(256);
            builder.HasIndex(i => i.Email)                .IsUnique()                .IsClustered();             OnConfigurePartial(builder);
        }
        partial void OnConfigurePartial(EntityTypeBuilder<Customer> builder);
    }
}

file[6] = Models\Account.generated.cs
// Auto-generated using OurPresence.Modeller template 'Entity Framework Entity classes' version 1.0.0

// --------------------------------------------------------------------------------
// WARNING: This file will be overwritten if re-generation is triggered.
// --------------------------------------------------------------------------------

#nullable enable

namespace Mizrael.SuperSafeBank.Data.Models
{
    partial class Account
    {
        public int Id { get; private set; }

        public Guid OwnerId { get; private set; }

        public Money Balance { get; private set; }

    }
}

file[7] = Models\Customer.generated.cs
// Auto-generated using OurPresence.Modeller template 'Entity Framework Entity classes' version 1.0.0

// --------------------------------------------------------------------------------
// WARNING: This file will be overwritten if re-generation is triggered.
// --------------------------------------------------------------------------------

#nullable enable

namespace Mizrael.SuperSafeBank.Data.Models
{
    partial class Customer
    {
        public int Id { get; private set; }

        public string FirstName { get; private set; }

        public string LastName { get; private set; }

        public string Email { get; private set; }

    }
}

