file[0] = Configurations\AccountConfiguration.cs
namespace Mizrael.SuperSafeBank.Data.Configurations
{
    public partial class AccountConfiguration : IEntityTypeConfiguration<Account>
    {
        void IEntityTypeConfiguration<Account>.Configure(EntityTypeBuilder<Account> builder)
        {
            builder.ToTable("Account");
            builder.Property(p => p.OwnerId)
                .IsRequired();
            builder.Property(p => p.Balance)
                .IsRequired();
            builder.HasIndex(i => i.OwnerId)                .IsUnique()                .IsClustered();         }
    }
}

file[1] = Models\Account.cs
// Created using OurPresence.Modeller template 'Entity Framework Entity classes' version 1.0.0
// NOTE: This file cannot be overwritten when regenerated

namespace Mizrael.SuperSafeBank.Data.Models
{
    public class Account
    {
        public int Id { get; private set; }

        public Guid OwnerId { get; private set; }

        public Money Balance { get; private set; }

    }
}

