file[0] = Domain\Account.cs
// Created using OurPresence.Modeller template 'Domain Class' version 1.0.0
// NOTE: This file cannot be overwritten when regenerated

namespace Mizrael.SuperSafeBank.Common.Domain
{
    public class Account
    {
        public Account(Guid ownerId, Money balance)
        {
            OwnerId = ownerId;
            Balance = balance;
        }

        public int Id { get; private set; }

        public Guid OwnerId { get; private set; }

        public Money Balance { get; private set; }

        public void Withdraw(Money amount)
        {
            // todo: Add Withdraw behaviour here
        }

        public void Deposit(Money amount)
        {
            // todo: Add Deposit behaviour here
        }

        protected override void Apply(IDomainEvent<Guid> @event)
        {
            // todo: Apply events
        }
    }
}

